usage: tcmReceiver capture [-h] OUTPUT_FILE

TcmReceiver 'capture' command
=============================

Capture from the serial port and save the output in a file without any further
processing.

Example:
    tcmReceiver -d /dev/ttyUSB1 capture test.dat

positional arguments:
  OUTPUT_FILE  The output file to store the raw data.

optional arguments:
  -h, --help   show this help message and exit
