usage: tcmReceiver publish [-h] [--mqtt-host MQTT_HOST]
                           [--mqtt-port MQTT_PORT]
                           [--mqtt-username MQTT_USERNAME]
                           [--mqtt-password MQTT_PASSWORD]
                           [--mqtt-topics MQTT_TOPICS]

TcmReceiver 'publish' command
=============================

Capture from the serial port (or input file) and publish the extracted data
as mqtt messages.

Example:
    tcmReceiver -d /dev/ttyUSB1 publish

optional arguments:
  -h, --help            show this help message and exit
  --mqtt-host MQTT_HOST
                        MQTT host. [Default: 192.168.1.70]
  --mqtt-port MQTT_PORT
                        MQTT port. [Default: 1883]
  --mqtt-username MQTT_USERNAME
                        MQTT username. [Default: mqtt]
  --mqtt-password MQTT_PASSWORD
                        MQTT password. [Default: mqtt]
  --mqtt-topics MQTT_TOPICS
                        Comma separated list of Channel number and the corresponding MQTT topic. The suffix '/temperature' resp. '/battery_low' is added automatically. [Default: 1=tcm/channel1]
