Saving data into file /tmp/tcmReceiver.raw. Press Ctrl-C to stop.
ERROR: Can't open serial device /dev/do_not_exists!
