ERROR: Can't open serial device /dev/do_not_exists!
